xrun(64): 20.09-s012: (c) Copyright 1995-2021 Cadence Design Systems, Inc.
TOOL:	xrun(64)	20.09-s012: Started on Mar 11, 2026 at 00:28:44 IST
xrun
	rtl/array_multiplier_16.v
	tb/tb_array_multiplier.sv
		Caching library 'worklib' ....... Done
	Elaborating the design hierarchy:
	Top level design units:
		tb_array_multiplier
xmelab: *W,DSEMEL: This SystemVerilog design will be simulated as per IEEE 1800-2009 SystemVerilog simulation semantics. Use -disable_sem2009 option for turning off SV 2009 simulation semantics.
	Building instance overlay tables: .................... Done
	Building instance specific data structures.
	Loading native compiled code:     .................... Done
	Design hierarchy summary:
		                 Instances  Unique
		Modules:                 2       2
		Registers:               8       8
		Scalar wires:            2       -
		Vectored wires:          3       -
		Always blocks:           2       2
		Initial blocks:          3       3
		Pseudo assignments:      3       3
		Simulation timescale:  1ps
	Writing initial simulation snapshot: worklib.tb_array_multiplier:sv
Loading snapshot worklib.tb_array_multiplier:sv .................... Done
xmsim: *W,DSEM2009: This SystemVerilog design is simulated as per IEEE 1800-2009 SystemVerilog simulation semantics. Use -disable_sem2009 option for turning off SV 2009 simulation semantics.
xcelium> source /home/install/XCELIUM2009/tools/xcelium/files/xmsimrc
xcelium> run
time=0 A=     0 B=     0 P=          0 Expected=          x
time=20000 A= 13604 B= 24193 P=          0 Expected=  329121572
time=25000 A= 13604 B= 24193 P=  329121572 Expected=  329121572
time=35000 A=-10743 B= 22115 P= -237581445 Expected= -237581445
time=55000 A= 31501 B=-26227 P= -826176727 Expected= -826176727
time=75000 A=-31643 B= 21010 P= -664819430 Expected= -664819430
time=95000 A= -7423 B=-13043 P=   96818189 Expected=   96818189
time=115000 A= -3722 B=-12995 P=   48367390 Expected=   48367390
time=135000 A= 22509 B= -2164 P=  -48709476 Expected=  -48709476
time=155000 A= -5639 B=  9414 P=  -53085546 Expected=  -53085546
time=175000 A=-31547 B=-11606 P=  366134482 Expected=  366134482
time=195000 A= -2075 B= 29303 P=  -60803725 Expected=  -60803725
time=215000 A=-10734 B= -9329 P=  100137486 Expected=  100137486
time=235000 A= 27122 B=-26930 P= -730395460 Expected= -730395460
time=255000 A= 31464 B= 20165 P=  634471560 Expected=  634471560
time=275000 A= 18780 B= 10429 P=  195856620 Expected=  195856620
time=295000 A= 22573 B=  9829 P=  221870017 Expected=  221870017
time=315000 A= 25187 B=-30966 P= -779940642 Expected= -779940642
time=335000 A=  8832 B=  8480 P=   74895360 Expected=   74895360
time=355000 A= 17834 B=-13155 P= -234606270 Expected= -234606270
time=375000 A= 16022 B=-18413 P= -295013086 Expected= -295013086
time=395000 A= 14349 B=-10669 P= -153089481 Expected= -153089481
time=415000 A= -8853 B= 10965 P=  -97073145 Expected=  -97073145
time=435000 A= 18946 B= 16046 P=  304007516 Expected=  304007516
time=455000 A= -5859 B= 29391 P= -172201869 Expected= -172201869
time=475000 A= 18723 B= 25866 P=  484289118 Expected=  484289118
time=495000 A=  2762 B= 19516 P=   53903192 Expected=   53903192
time=515000 A=-16910 B= 24970 P= -422242700 Expected= -422242700
time=535000 A=-19647 B= 13528 P= -265784616 Expected= -265784616
time=555000 A= -3208 B=  4745 P=  -15221960 Expected=  -15221960
time=575000 A=  3563 B= 26038 P=   92773394 Expected=   92773394
time=595000 A= -1594 B=  5038 P=   -8030572 Expected=   -8030572
time=615000 A=   700 B= -8918 P=   -6242600 Expected=   -6242600
time=635000 A=-26101 B=-16783 P=  438053083 Expected=  438053083
time=655000 A= 16773 B= 21839 P=  366305547 Expected=  366305547
time=675000 A= 24635 B= 13114 P=  323063390 Expected=  323063390
time=695000 A= 12926 B= 19221 P=  248450646 Expected=  248450646
time=715000 A=-25615 B= 19417 P= -497366455 Expected= -497366455
time=735000 A=  1890 B= -1204 P=   -2275560 Expected=   -2275560
time=755000 A= 21919 B=-24177 P= -529935663 Expected= -529935663
time=775000 A=-22024 B= 24759 P= -545292216 Expected= -545292216
time=795000 A= 22175 B=-27556 P= -611054300 Expected= -611054300
time=815000 A=-16293 B= 14217 P= -231637581 Expected= -231637581
time=835000 A= 12873 B= 16080 P=  206997840 Expected=  206997840
time=855000 A=-16169 B=  -943 P=   15247367 Expected=   15247367
time=875000 A= 12182 B= 32524 P=  396207368 Expected=  396207368
time=895000 A=-12606 B= -4664 P=   58794384 Expected=   58794384
time=915000 A= 23159 B= -4803 P= -111232677 Expected= -111232677
time=935000 A= -9454 B=   126 P=   -1191204 Expected=   -1191204
time=955000 A=-32403 B= -6343 P=  205532229 Expected=  205532229
time=975000 A=-28897 B= -2349 P=   67879053 Expected=   67879053
time=995000 A= 12165 B=-30600 P= -372249000 Expected= -372249000
time=1015000 A= 22875 B= 19273 P=  440869875 Expected=  440869875
time=1035000 A=-20929 B=-20694 P=  433104726 Expected=  433104726
time=1055000 A= 25432 B= 14470 P=  368001040 Expected=  368001040
time=1075000 A=  3214 B= -3428 P=  -11017592 Expected=  -11017592
time=1095000 A=-26118 B=-17370 P=  453669660 Expected=  453669660
time=1115000 A=  6003 B=-19293 P= -115815879 Expected= -115815879
time=1135000 A=-22481 B=-27981 P=  629040861 Expected=  629040861
time=1155000 A= 22111 B=  3396 P=   75088956 Expected=   75088956
time=1175000 A=  -521 B= 14027 P=   -7308067 Expected=   -7308067
time=1195000 A=  6886 B= -9382 P=  -64604452 Expected=  -64604452
time=1215000 A=-16087 B= -7443 P=  119735541 Expected=  119735541
time=1235000 A= 27866 B=-18843 P= -525079038 Expected= -525079038
time=1255000 A= -7499 B=-27425 P=  205660075 Expected=  205660075
time=1275000 A=  6521 B=  -188 P=   -1225948 Expected=   -1225948
time=1295000 A=  3280 B=  2858 P=    9374240 Expected=    9374240
time=1315000 A=-21077 B=-12530 P=  264094810 Expected=  264094810
time=1335000 A=-21028 B=-17254 P=  362817112 Expected=  362817112
time=1355000 A= 29437 B=   707 P=   20811959 Expected=   20811959
time=1375000 A= -4778 B= -5810 P=   27760180 Expected=   27760180
time=1395000 A= 30311 B= 13322 P=  403803142 Expected=  403803142
time=1415000 A=-17994 B=-30152 P=  542555088 Expected=  542555088
time=1435000 A=-30855 B=-15176 P=  468255480 Expected=  468255480
time=1455000 A=-16492 B= 23955 P= -395065860 Expected= -395065860
time=1475000 A= 11268 B=-13735 P= -154765980 Expected= -154765980
time=1495000 A= 27099 B= -8627 P= -233783073 Expected= -233783073
time=1515000 A=-18471 B=  9837 P= -181699227 Expected= -181699227
time=1535000 A= -7562 B= 18890 P= -142846180 Expected= -142846180
time=1555000 A= 11702 B= 29077 P=  340259054 Expected=  340259054
time=1575000 A=  6726 B=-25852 P= -173880552 Expected= -173880552
time=1595000 A= 25079 B=  1897 P=   47574863 Expected=   47574863
time=1615000 A=-17740 B=-29304 P=  519852960 Expected=  519852960
time=1635000 A= -9944 B=  1069 P=  -10630136 Expected=  -10630136
time=1655000 A= 12487 B=-25554 P= -319092798 Expected= -319092798
time=1675000 A= -7160 B= 17692 P= -126674720 Expected= -126674720
time=1695000 A=-22787 B=  1833 P=  -41768571 Expected=  -41768571
time=1715000 A=-28644 B= 26502 P= -759123288 Expected= -759123288
time=1735000 A=  2266 B=-14787 P=  -33507342 Expected=  -33507342
time=1755000 A=-22682 B=-15248 P=  345855136 Expected=  345855136
time=1775000 A=  1139 B=-26182 P=  -29821298 Expected=  -29821298
time=1795000 A=-19618 B= 31226 P= -612591668 Expected= -612591668
time=1815000 A=  1493 B= -2534 P=   -3783262 Expected=   -3783262
time=1835000 A=   185 B= 24887 P=    4604095 Expected=    4604095
time=1855000 A= 14230 B=  8640 P=  122947200 Expected=  122947200
time=1875000 A=-24794 B=  6838 P= -169541372 Expected= -169541372
time=1895000 A=-31875 B=  4060 P= -129412500 Expected= -129412500
time=1915000 A= 22406 B=  -136 P=   -3047216 Expected=   -3047216
time=1935000 A=-25730 B=-32549 P=  837485770 Expected=  837485770
time=1955000 A=-18737 B= 11129 P= -208524073 Expected= -208524073
time=1975000 A= -6918 B= -4511 P=   31207098 Expected=   31207098
time=1995000 A=  2327 B= 30881 P=   71860087 Expected=   71860087
time=2015000 A=-28282 B=-27056 P=  765197792 Expected=  765197792
time=2035000 A= 23029 B=-30667 P= -706230343 Expected= -706230343
time=2055000 A=-30167 B= 30145 P= -909384215 Expected= -909384215
time=2075000 A= 29893 B=-19304 P= -577054472 Expected= -577054472
time=2095000 A= 31563 B= 17011 P=  536918193 Expected=  536918193
time=2115000 A= -6420 B=  5770 P=  -37043400 Expected=  -37043400
time=2135000 A=-11954 B=-32600 P=  389700400 Expected=  389700400
time=2155000 A=  -599 B=-29535 P=   17691465 Expected=   17691465
time=2175000 A=-18162 B= 26342 P= -478423404 Expected= -478423404
time=2195000 A=-16225 B=-19158 P=  310838550 Expected=  310838550
time=2215000 A=  7466 B= -2931 P=  -21882846 Expected=  -21882846
time=2235000 A=   -98 B= -6600 P=     646800 Expected=     646800
time=2255000 A=-22407 B= -7224 P=  161868168 Expected=  161868168
time=2275000 A= 17866 B= 16659 P=  297629694 Expected=  297629694
time=2295000 A=-13973 B=-20793 P=  290540589 Expected=  290540589
time=2315000 A= -8778 B=-25158 P=  220836924 Expected=  220836924
time=2335000 A=-21564 B=-27207 P=  586691748 Expected=  586691748
time=2355000 A=-11374 B=-25932 P=  294950568 Expected=  294950568
time=2375000 A= 15231 B=-28538 P= -434662278 Expected= -434662278
time=2395000 A= -2566 B=-27406 P=   70323796 Expected=   70323796
time=2415000 A=  8498 B= 24253 P=  206101994 Expected=  206101994
time=2435000 A=-12924 B=-23324 P=  301439376 Expected=  301439376
time=2455000 A=-12342 B= 31145 P= -384391590 Expected= -384391590
time=2475000 A=-22367 B=-22130 P=  494981710 Expected=  494981710
time=2495000 A= 27387 B=  7691 P=  210633417 Expected=  210633417
time=2515000 A=-28433 B= 15817 P= -449724761 Expected= -449724761
time=2535000 A= -6858 B= 18549 P= -127209042 Expected= -127209042
time=2555000 A= 22159 B=-16533 P= -366354747 Expected= -366354747
time=2575000 A= -6264 B=-19282 P=  120782448 Expected=  120782448
time=2595000 A=-32357 B= 17810 P= -576278170 Expected= -576278170
time=2615000 A= -8408 B= -8147 P=   68499976 Expected=   68499976
time=2635000 A= 24395 B=-20286 P= -494876970 Expected= -494876970
time=2655000 A= -2530 B=  1293 P=   -3271290 Expected=   -3271290
time=2675000 A=  -532 B=-25320 P=   13470240 Expected=   13470240
time=2695000 A=  7121 B=  7302 P=   51997542 Expected=   51997542
time=2715000 A=  9281 B= 25659 P=  238141179 Expected=  238141179
time=2735000 A= -1576 B= -5805 P=    9148680 Expected=    9148680
time=2755000 A= 25174 B=  8795 P=  221405330 Expected=  221405330
time=2775000 A= -1310 B= -7676 P=   10055560 Expected=   10055560
time=2795000 A=   883 B=-19240 P=  -16988920 Expected=  -16988920
time=2815000 A= 19730 B= 17592 P=  347090160 Expected=  347090160
time=2835000 A=  4665 B=-18715 P=  -87305475 Expected=  -87305475
time=2855000 A= -9055 B=  3883 P=  -35160565 Expected=  -35160565
time=2875000 A= 23937 B=-31288 P= -748940856 Expected= -748940856
time=2895000 A= 21799 B= -1631 P=  -35554169 Expected=  -35554169
time=2915000 A= 28191 B= 14852 P=  418692732 Expected=  418692732
time=2935000 A=  9048 B=-32618 P= -295127664 Expected= -295127664
time=2955000 A=-27884 B=-19438 P=  542009192 Expected=  542009192
time=2975000 A= 28822 B= -7503 P= -216251466 Expected= -216251466
time=2995000 A=-10923 B=-28947 P=  316188081 Expected=  316188081
time=3015000 A= 11051 B=  7157 P=   79092007 Expected=   79092007
time=3035000 A=   941 B=  8743 P=    8227163 Expected=    8227163
time=3055000 A=  -124 B= -7001 P=     868124 Expected=     868124
time=3075000 A=-22809 B=-28487 P=  649759983 Expected=  649759983
time=3095000 A= 22089 B=-17445 P= -385342605 Expected= -385342605
time=3115000 A=  4041 B=-20143 P=  -81397863 Expected=  -81397863
time=3135000 A= 24225 B= -8918 P= -216038550 Expected= -216038550
time=3155000 A= 17914 B=  8261 P=  147987554 Expected=  147987554
time=3175000 A=  1411 B= 17020 P=   24015220 Expected=   24015220
time=3195000 A=  5234 B= 15614 P=   81723676 Expected=   81723676
time=3215000 A= -3480 B=-21905 P=   76229400 Expected=   76229400
time=3235000 A=  3462 B=  8688 P=   30077856 Expected=   30077856
time=3255000 A=-26824 B=-28352 P=  760514048 Expected=  760514048
time=3275000 A= 30248 B=-22026 P= -666242448 Expected= -666242448
time=3295000 A=  6853 B= 12736 P=   87279808 Expected=   87279808
time=3315000 A= 24436 B= 28985 P=  708277460 Expected=  708277460
time=3335000 A= 27312 B=-30916 P= -844377792 Expected= -844377792
time=3355000 A=-27862 B=-11422 P=  318239764 Expected=  318239764
time=3375000 A= 13589 B= 20193 P=  274402677 Expected=  274402677
time=3395000 A=-25321 B= -4541 P=  114982661 Expected=  114982661
time=3415000 A= -7223 B=  1158 P=   -8364234 Expected=   -8364234
time=3435000 A=-13531 B=-25151 P=  340318181 Expected=  340318181
time=3455000 A=-23923 B= -7590 P=  181575570 Expected=  181575570
time=3475000 A=  9991 B= 31532 P=  315036212 Expected=  315036212
time=3495000 A= 23820 B= -6543 P= -155854260 Expected= -155854260
time=3515000 A= 31803 B= -6730 P= -214034190 Expected= -214034190
time=3535000 A=-15625 B=-12642 P=  197531250 Expected=  197531250
time=3555000 A= 22620 B= -2219 P=  -50193780 Expected=  -50193780
time=3575000 A= 14880 B=  4768 P=   70947840 Expected=   70947840
time=3595000 A=  2418 B=-29516 P=  -71369688 Expected=  -71369688
time=3615000 A= -2595 B= -4083 P=   10595385 Expected=   10595385
time=3635000 A=-26293 B= 17017 P= -447427981 Expected= -447427981
time=3655000 A= -9570 B= 25853 P= -247413210 Expected= -247413210
time=3675000 A=-11653 B= 29583 P= -344730699 Expected= -344730699
time=3695000 A=-26109 B= 10723 P= -279966807 Expected= -279966807
time=3715000 A= 17181 B= 15793 P=  271339533 Expected=  271339533
time=3735000 A=-24764 B=-17259 P=  427401876 Expected=  427401876
time=3755000 A= 13536 B= 30957 P=  419033952 Expected=  419033952
time=3775000 A=  5458 B= 23544 P=  128503152 Expected=  128503152
time=3795000 A=-18547 B=-15278 P=  283361066 Expected=  283361066
time=3815000 A= -6268 B=  -698 P=    4375064 Expected=    4375064
time=3835000 A=-28020 B= 32144 P= -900674880 Expected= -900674880
time=3855000 A=-16105 B= 24938 P= -401626490 Expected= -401626490
time=3875000 A= 22404 B=-17238 P= -386200152 Expected= -386200152
time=3895000 A=  3964 B=   608 P=    2410112 Expected=    2410112
time=3915000 A= 19898 B= 24715 P=  491779070 Expected=  491779070
time=3935000 A=  -346 B=  7717 P=   -2670082 Expected=   -2670082
time=3955000 A=-31950 B=  1186 P=  -37892700 Expected=  -37892700
time=3975000 A= 31817 B=-20460 P= -650975820 Expected= -650975820
time=3995000 A=-16323 B=   843 P=  -13760289 Expected=  -13760289
time=4015000 A= 12380 B= 30023 P=  371684740 Expected=  371684740
time=4035000 A=-26746 B= 31289 P= -836855594 Expected= -836855594
time=4055000 A=-30028 B= -6704 P=  201307712 Expected=  201307712
time=4075000 A= 20524 B= 17804 P=  365409296 Expected=  365409296
time=4095000 A=-18681 B= 16490 P= -308049690 Expected= -308049690
time=4115000 A= -1775 B=   -24 P=      42600 Expected=      42600
time=4135000 A=-25013 B=-32397 P=  810346161 Expected=  810346161
time=4155000 A= 23532 B=  1315 P=   30944580 Expected=   30944580
time=4175000 A= -4188 B= 26057 P= -109126716 Expected= -109126716
time=4195000 A=  1081 B= 29407 P=   31788967 Expected=   31788967
time=4215000 A=  5332 B= 25959 P=  138413388 Expected=  138413388
time=4235000 A= 16797 B=  9648 P=  162057456 Expected=  162057456
time=4255000 A= 14722 B=-16567 P= -243899374 Expected= -243899374
time=4275000 A=  6873 B=-18656 P= -128222688 Expected= -128222688
time=4295000 A= 19484 B= 28563 P=  556521492 Expected=  556521492
time=4315000 A= 25059 B=-32214 P= -807250626 Expected= -807250626
time=4335000 A= -1848 B= 11869 P=  -21933912 Expected=  -21933912
time=4355000 A=-25286 B=-22140 P=  559832040 Expected=  559832040
time=4375000 A=-22485 B= 32569 P= -732313965 Expected= -732313965
time=4395000 A=  7186 B=    82 P=     589252 Expected=     589252
time=4415000 A=-30375 B=-26928 P=  817938000 Expected=  817938000
time=4435000 A= -5522 B= 10647 P=  -58792734 Expected=  -58792734
time=4455000 A=-30757 B= 30630 P= -942086910 Expected= -942086910
time=4475000 A=-11333 B= 31744 P= -359754752 Expected= -359754752
time=4495000 A= 19471 B=-10647 P= -207307737 Expected= -207307737
time=4515000 A= 25100 B=  6489 P=  162873900 Expected=  162873900
time=4535000 A= 18885 B= 13775 P=  260140875 Expected=  260140875
time=4555000 A= -6768 B=-10159 P=   68756112 Expected=   68756112
time=4575000 A=-23447 B=-12937 P=  303333839 Expected=  303333839
time=4595000 A= 25930 B= 22744 P=  589751920 Expected=  589751920
time=4615000 A= 19867 B=-25916 P= -514873172 Expected= -514873172
time=4635000 A=-20040 B= -3401 P=   68156040 Expected=   68156040
time=4655000 A= -4474 B= 23088 P= -103295712 Expected= -103295712
time=4675000 A= 21367 B=-14411 P= -307919837 Expected= -307919837
time=4695000 A= -2604 B=-30969 P=   80643276 Expected=   80643276
time=4715000 A=-26762 B=-21015 P=  562403430 Expected=  562403430
time=4735000 A=-29813 B= 24321 P= -725081973 Expected= -725081973
time=4755000 A=-29733 B= 17024 P= -506174592 Expected= -506174592
time=4775000 A=-24638 B= -9531 P=  234824778 Expected=  234824778
time=4795000 A= -1488 B= -6993 P=   10405584 Expected=   10405584
time=4815000 A= -9626 B=-18001 P=  173277626 Expected=  173277626
time=4835000 A= 28393 B=-20488 P= -581715784 Expected= -581715784
time=4855000 A=-21498 B= 30447 P= -654549606 Expected= -654549606
time=4875000 A= 14305 B= 31893 P=  456229365 Expected=  456229365
time=4895000 A= 16110 B= 19808 P=  319106880 Expected=  319106880
time=4915000 A= 24293 B= -5592 P= -135846456 Expected= -135846456
time=4935000 A= 32100 B= 14121 P=  453284100 Expected=  453284100
time=4955000 A=-20767 B= 21111 P= -438412137 Expected= -438412137
time=4975000 A=  5486 B= -2687 P=  -14740882 Expected=  -14740882
time=4995000 A=-17963 B=-10904 P=  195868552 Expected=  195868552
time=5015000 A= 29168 B=   170 P=    4958560 Expected=    4958560
time=5035000 A=-15601 B= 18673 P= -291317473 Expected= -291317473
time=5055000 A=-17283 B=-27250 P=  470961750 Expected=  470961750
time=5075000 A= -8990 B= 19772 P= -177750280 Expected= -177750280
time=5095000 A= -6487 B=-19985 P=  129642695 Expected=  129642695
time=5115000 A=-12197 B= 15535 P= -189480395 Expected= -189480395
time=5135000 A=-25782 B=  3513 P=  -90572166 Expected=  -90572166
time=5155000 A= 11539 B= 13587 P=  156780393 Expected=  156780393
time=5175000 A= 16741 B= 10065 P=  168498165 Expected=  168498165
time=5195000 A= 15031 B=  4249 P=   63866719 Expected=   63866719
time=5215000 A=  2106 B= 14961 P=   31507866 Expected=   31507866
time=5235000 A=  1890 B= 27364 P=   51717960 Expected=   51717960
time=5255000 A= -8918 B= 17533 P= -156359294 Expected= -156359294
time=5275000 A= 24409 B=-23579 P= -575539811 Expected= -575539811
time=5295000 A= 27629 B=   201 P=    5553429 Expected=    5553429
time=5315000 A=-13247 B=-11857 P=  157069679 Expected=  157069679
time=5335000 A=  7387 B= -5939 P=  -43871393 Expected=  -43871393
time=5355000 A=-24720 B=-11258 P=  278297760 Expected=  278297760
time=5375000 A=  8354 B= 15805 P=  132034970 Expected=  132034970
time=5395000 A= -8598 B= 18396 P= -158168808 Expected= -158168808
time=5415000 A= 24144 B= -2949 P=  -71200656 Expected=  -71200656
time=5435000 A= 22565 B=-31624 P= -713595560 Expected= -713595560
time=5455000 A=-30218 B=-12708 P=  384010344 Expected=  384010344
time=5475000 A=-25821 B=-21639 P=  558740619 Expected=  558740619
time=5495000 A=  1480 B= 18107 P=   26798360 Expected=   26798360
time=5515000 A= -4594 B=-27533 P=  126486602 Expected=  126486602
time=5535000 A=   780 B=-26418 P=  -20606040 Expected=  -20606040
time=5555000 A= 25044 B= -9127 P= -228576588 Expected= -228576588
time=5575000 A= 28601 B=-16205 P= -463479205 Expected= -463479205
time=5595000 A=-16396 B= -7563 P=  124002948 Expected=  124002948
time=5615000 A= -3828 B= 31289 P= -119774292 Expected= -119774292
time=5635000 A=-27902 B=-16875 P=  470846250 Expected=  470846250
time=5655000 A= -1787 B= 17230 P=  -30790010 Expected=  -30790010
time=5675000 A= 10498 B= 20920 P=  219618160 Expected=  219618160
time=5695000 A=-19960 B= 21389 P= -426924440 Expected= -426924440
time=5715000 A=-29009 B= 12776 P= -370618984 Expected= -370618984
time=5735000 A=  2448 B=-21515 P=  -52668720 Expected=  -52668720
time=5755000 A=-28596 B=-17029 P=  486961284 Expected=  486961284
time=5775000 A=-22976 B=   805 P=  -18495680 Expected=  -18495680
time=5795000 A=-18931 B=  4208 P=  -79661648 Expected=  -79661648
time=5815000 A= -1747 B=-10199 P=   17817653 Expected=   17817653
time=5835000 A= 20924 B=  2096 P=   43856704 Expected=   43856704
time=5855000 A= 11712 B= 26960 P=  315755520 Expected=  315755520
time=5875000 A= 27297 B= 16205 P=  442347885 Expected=  442347885
time=5895000 A= 12021 B=-20491 P= -246322311 Expected= -246322311
time=5915000 A=-13219 B=  4756 P=  -62869564 Expected=  -62869564
time=5935000 A=-22934 B= 26044 P= -597293096 Expected= -597293096
time=5955000 A=  2232 B=-25442 P=  -56786544 Expected=  -56786544
time=5975000 A=  1786 B=  2886 P=    5154396 Expected=    5154396
time=5995000 A= 25607 B=-17261 P= -442002427 Expected= -442002427
time=6015000 A= 29781 B= -9289 P= -276635709 Expected= -276635709
time=6035000 A= -3771 B=  2659 P=  -10027089 Expected=  -10027089
time=6055000 A= -8103 B=-12762 P=  103410486 Expected=  103410486
time=6075000 A= 30312 B= -7138 P= -216367056 Expected= -216367056
time=6095000 A= -2928 B=-23206 P=   67947168 Expected=   67947168
time=6115000 A=-31460 B= 26553 P= -835357380 Expected= -835357380
time=6135000 A=  8107 B= -9776 P=  -79254032 Expected=  -79254032
time=6155000 A= 25967 B= 28120 P=  730192040 Expected=  730192040
time=6175000 A=-30651 B=-22643 P=  694030593 Expected=  694030593
time=6195000 A=  9099 B=-28164 P= -256264236 Expected= -256264236
time=6215000 A=  8156 B=  2724 P=   22216944 Expected=   22216944
time=6235000 A=-29415 B= 13221 P= -388895715 Expected= -388895715
time=6255000 A=-29122 B=-16141 P=  470058202 Expected=  470058202
time=6275000 A= 11352 B= 27588 P=  313178976 Expected=  313178976
time=6295000 A= 17244 B= 17670 P=  304701480 Expected=  304701480
time=6315000 A= 20634 B=  6424 P=  132552816 Expected=  132552816
time=6335000 A= 26309 B=-11862 P= -312077358 Expected= -312077358
time=6355000 A=   794 B=-10813 P=   -8585522 Expected=   -8585522
time=6375000 A= -5710 B= 25356 P= -144782760 Expected= -144782760
time=6395000 A=  3817 B=  -573 P=   -2187141 Expected=   -2187141
time=6415000 A= 29675 B=-17928 P= -532013400 Expected= -532013400
time=6435000 A=  1010 B=-21111 P=  -21322110 Expected=  -21322110
time=6455000 A= 29551 B= 19227 P=  568177077 Expected=  568177077
time=6475000 A= 10413 B=-16024 P= -166857912 Expected= -166857912
time=6495000 A=  4645 B= 22479 P=  104414955 Expected=  104414955
time=6515000 A=-29269 B=-11749 P=  343881481 Expected=  343881481
time=6535000 A= 16000 B= -9891 P= -158256000 Expected= -158256000
time=6555000 A=  -638 B= 16900 P=  -10782200 Expected=  -10782200
time=6575000 A=-23209 B=-29898 P=  693902682 Expected=  693902682
time=6595000 A=   818 B= 10361 P=    8475298 Expected=    8475298
time=6615000 A=-20764 B= -5098 P=  105854872 Expected=  105854872
time=6635000 A= -4950 B= 26048 P= -128937600 Expected= -128937600
time=6655000 A=-30674 B= 14220 P= -436184280 Expected= -436184280
time=6675000 A=-15759 B=-28677 P=  451920843 Expected=  451920843
time=6695000 A=  8636 B= 26844 P=  231824784 Expected=  231824784
time=6715000 A= 22295 B=  1217 P=   27133015 Expected=   27133015
time=6735000 A=  8683 B= 15285 P=  132719655 Expected=  132719655
time=6755000 A= 11913 B= -7537 P=  -89788281 Expected=  -89788281
time=6775000 A= -2369 B= 10928 P=  -25888432 Expected=  -25888432
time=6795000 A=-25901 B=   726 P=  -18804126 Expected=  -18804126
time=6815000 A=-13182 B= 29978 P= -395169996 Expected= -395169996
time=6835000 A=-22671 B=  1239 P=  -28089369 Expected=  -28089369
time=6855000 A=-29170 B=  5361 P= -156380370 Expected= -156380370
time=6875000 A=  7629 B= 17157 P=  130890753 Expected=  130890753
time=6895000 A= -5348 B=-14440 P=   77225120 Expected=   77225120
time=6915000 A=-30484 B=-10710 P=  326483640 Expected=  326483640
time=6935000 A= 19045 B=  1335 P=   25425075 Expected=   25425075
time=6955000 A= 13827 B=-24834 P= -343379718 Expected= -343379718
time=6975000 A= -8963 B=  3646 P=  -32679098 Expected=  -32679098
time=6995000 A= 13544 B= 14452 P=  195737888 Expected=  195737888
time=7015000 A=-30288 B= -9210 P=  278952480 Expected=  278952480
time=7035000 A= 19730 B=  -920 P=  -18151600 Expected=  -18151600
time=7055000 A=   197 B= 12030 P=    2369910 Expected=    2369910
time=7075000 A=  3382 B=  2547 P=    8613954 Expected=    8613954
time=7095000 A=-21509 B= 31851 P= -685083159 Expected= -685083159
time=7115000 A=-16617 B= 13839 P= -229962663 Expected= -229962663
time=7135000 A=-18924 B=  1322 P=  -25017528 Expected=  -25017528
time=7155000 A= 28326 B=  9940 P=  281560440 Expected=  281560440
time=7175000 A=  4299 B=-15765 P=  -67773735 Expected=  -67773735
time=7195000 A= -5372 B= 13044 P=  -70072368 Expected=  -70072368
time=7215000 A= 24973 B= 28897 P=  721644781 Expected=  721644781
time=7235000 A=-17019 B= 29881 P= -508544739 Expected= -508544739
time=7255000 A=  5833 B=-29088 P= -169670304 Expected= -169670304
time=7275000 A= 12870 B=-13508 P= -173847960 Expected= -173847960
time=7295000 A= 24375 B= 21848 P=  532545000 Expected=  532545000
time=7315000 A= 22387 B=-11762 P= -263315894 Expected= -263315894
time=7335000 A=  9180 B=-15568 P= -142914240 Expected= -142914240
time=7355000 A= -2608 B= -6912 P=   18026496 Expected=   18026496
time=7375000 A=  3907 B=-28168 P= -110052376 Expected= -110052376
time=7395000 A=-25951 B=  8019 P= -208101069 Expected= -208101069
time=7415000 A=-28776 B= 15711 P= -452099736 Expected= -452099736
time=7435000 A=-28025 B= 23290 P= -652702250 Expected= -652702250
time=7455000 A=-11987 B=   624 P=   -7479888 Expected=   -7479888
time=7475000 A= -6037 B= 14385 P=  -86842245 Expected=  -86842245
time=7495000 A=-16366 B= -8436 P=  138063576 Expected=  138063576
time=7515000 A= 27405 B=  4885 P=  133873425 Expected=  133873425
time=7535000 A=  1856 B=-29292 P=  -54365952 Expected=  -54365952
time=7555000 A=-23724 B=   640 P=  -15183360 Expected=  -15183360
time=7575000 A=  5395 B=-31037 P= -167444615 Expected= -167444615
time=7595000 A= -8467 B= -6436 P=   54493612 Expected=   54493612
time=7615000 A=  4216 B=  3367 P=   14195272 Expected=   14195272
time=7635000 A=  9823 B= 23331 P=  229180413 Expected=  229180413
time=7655000 A= -5205 B=  5944 P=  -30938520 Expected=  -30938520
time=7675000 A= 19746 B=-16951 P= -334714446 Expected= -334714446
time=7695000 A= 19655 B= 25218 P=  495659790 Expected=  495659790
time=7715000 A=-10290 B=  8903 P=  -91611870 Expected=  -91611870
time=7735000 A=-23516 B= 28635 P= -673380660 Expected= -673380660
time=7755000 A=  5128 B= 28533 P=  146317224 Expected=  146317224
time=7775000 A=  7605 B= 29210 P=  222142050 Expected=  222142050
time=7795000 A=  4920 B= 14978 P=   73691760 Expected=   73691760
time=7815000 A=-24488 B= 27216 P= -666465408 Expected= -666465408
time=7835000 A=-25949 B= -7260 P=  188389740 Expected=  188389740
time=7855000 A= -8347 B=  6122 P=  -51100334 Expected=  -51100334
time=7875000 A= 14598 B=-32684 P= -477121032 Expected= -477121032
time=7895000 A= 16475 B= -3896 P=  -64186600 Expected=  -64186600
time=7915000 A= 14664 B= -3529 P=  -51749256 Expected=  -51749256
time=7935000 A= -3080 B= 12981 P=  -39981480 Expected=  -39981480
time=7955000 A=-22191 B=-10877 P=  241371507 Expected=  241371507
time=7975000 A= -7269 B= -8907 P=   64744983 Expected=   64744983
time=7995000 A= 21424 B=-32005 P= -685675120 Expected= -685675120
time=8015000 A=-17585 B=-22992 P=  404314320 Expected=  404314320
time=8035000 A=-15336 B=  6365 P=  -97613640 Expected=  -97613640
time=8055000 A= -6074 B=  3937 P=  -23913338 Expected=  -23913338
time=8075000 A= 18521 B= 29525 P=  546832525 Expected=  546832525
time=8095000 A=-26833 B= 20491 P= -549835003 Expected= -549835003
time=8115000 A= -5410 B= 11475 P=  -62079750 Expected=  -62079750
time=8135000 A=-20184 B= 27113 P= -547248792 Expected= -547248792
time=8155000 A= 31064 B=-24107 P= -748859848 Expected= -748859848
time=8175000 A= -6717 B=  5076 P=  -34095492 Expected=  -34095492
time=8195000 A= 32164 B= -4226 P= -135925064 Expected= -135925064
time=8215000 A=-25130 B=-14321 P=  359886730 Expected=  359886730
time=8235000 A= 17539 B= -4192 P=  -73523488 Expected=  -73523488
time=8255000 A=  1154 B=-13377 P=  -15437058 Expected=  -15437058
time=8275000 A= -9403 B= 15991 P= -150363373 Expected= -150363373
time=8295000 A=  2885 B=  4213 P=   12154505 Expected=   12154505
time=8315000 A=  2808 B= 15302 P=   42968016 Expected=   42968016
time=8335000 A= 22892 B= 22608 P=  517542336 Expected=  517542336
time=8355000 A= 25393 B=  -356 P=   -9039908 Expected=   -9039908
time=8375000 A= 23740 B=  7855 P=  186477700 Expected=  186477700
time=8395000 A= 11278 B= 26217 P=  295675326 Expected=  295675326
time=8415000 A= 16562 B=-24866 P= -411830692 Expected= -411830692
time=8435000 A= 29829 B=  4010 P=  119614290 Expected=  119614290
time=8455000 A= -3800 B=-10814 P=   41093200 Expected=   41093200
time=8475000 A=  2458 B= 20947 P=   51487726 Expected=   51487726
time=8495000 A=  6842 B= 31995 P=  218909790 Expected=  218909790
time=8515000 A= 29323 B= 19906 P=  583703638 Expected=  583703638
time=8535000 A= 10444 B=  4977 P=   51979788 Expected=   51979788
time=8555000 A=   414 B= -9375 P=   -3881250 Expected=   -3881250
time=8575000 A= 18555 B=-12097 P= -224459835 Expected= -224459835
time=8595000 A=-17263 B=-26432 P=  456295616 Expected=  456295616
time=8615000 A= 25433 B=-19330 P= -491619890 Expected= -491619890
time=8635000 A= 29524 B= -7599 P= -224352876 Expected= -224352876
time=8655000 A= 10313 B= 32231 P=  332398303 Expected=  332398303
time=8675000 A=-20700 B=-10877 P=  225153900 Expected=  225153900
time=8695000 A=    91 B=-24135 P=   -2196285 Expected=   -2196285
time=8715000 A=-16491 B= 19063 P= -314367933 Expected= -314367933
time=8735000 A=  6897 B= 24550 P=  169321350 Expected=  169321350
time=8755000 A=-20817 B= -7932 P=  165120444 Expected=  165120444
time=8775000 A= 24594 B=-19460 P= -478599240 Expected= -478599240
time=8795000 A= 18603 B= -3900 P=  -72551700 Expected=  -72551700
time=8815000 A=-32449 B= 22210 P= -720692290 Expected= -720692290
time=8835000 A=  6515 B=-25766 P= -167865490 Expected= -167865490
time=8855000 A= -7008 B=-13570 P=   95098560 Expected=   95098560
time=8875000 A= 27508 B=-18501 P= -508925508 Expected= -508925508
time=8895000 A=-17438 B= 18658 P= -325358204 Expected= -325358204
time=8915000 A= 19679 B= -7528 P= -148143512 Expected= -148143512
time=8935000 A= -4705 B=-13552 P=   63762160 Expected=   63762160
time=8955000 A=-30222 B= 31677 P= -957342294 Expected= -957342294
time=8975000 A= 10155 B=  4020 P=   40823100 Expected=   40823100
time=8995000 A=-21420 B=-25719 P=  550900980 Expected=  550900980
time=9015000 A=-11245 B=-28244 P=  317603780 Expected=  317603780
time=9035000 A=   821 B=  7995 P=    6563895 Expected=    6563895
time=9055000 A=  9269 B=-29393 P= -272443717 Expected= -272443717
time=9075000 A=-26316 B=-23979 P=  631031364 Expected=  631031364
time=9095000 A=   700 B=  -270 P=    -189000 Expected=    -189000
time=9115000 A= 13991 B=-32575 P= -455756825 Expected= -455756825
time=9135000 A=  5860 B=-23999 P= -140634140 Expected= -140634140
time=9155000 A= 27753 B= -9990 P= -277252470 Expected= -277252470
time=9175000 A=-12083 B= -3073 P=   37131059 Expected=   37131059
time=9195000 A=-31051 B=-32024 P=  994377224 Expected=  994377224
time=9215000 A= 23627 B= 11794 P=  278656838 Expected=  278656838
time=9235000 A=-28873 B=  7598 P= -219377054 Expected= -219377054
time=9255000 A=-23304 B= 20000 P= -466080000 Expected= -466080000
time=9275000 A= 20698 B=   546 P=   11301108 Expected=   11301108
time=9295000 A= 21996 B=  4650 P=  102281400 Expected=  102281400
time=9315000 A= 23418 B= 20766 P=  486298188 Expected=  486298188
time=9335000 A= -9495 B= -3349 P=   31798755 Expected=   31798755
time=9355000 A= -2293 B= -7570 P=   17358010 Expected=   17358010
time=9375000 A= 24158 B= 11644 P=  281295752 Expected=  281295752
time=9395000 A= 12613 B= 21643 P=  272983159 Expected=  272983159
time=9415000 A=-11502 B=-17097 P=  196649694 Expected=  196649694
time=9435000 A=-10621 B=   225 P=   -2389725 Expected=   -2389725
time=9455000 A= -8242 B= 23626 P= -194725492 Expected= -194725492
time=9475000 A= 29653 B=  1997 P=   59217041 Expected=   59217041
time=9495000 A= -4380 B=-29452 P=  128999760 Expected=  128999760
time=9515000 A= 21484 B= 16154 P=  347052536 Expected=  347052536
time=9535000 A= 12003 B=-31508 P= -378190524 Expected= -378190524
time=9555000 A=-32269 B= 18221 P= -587973449 Expected= -587973449
time=9575000 A=-29348 B= 17885 P= -524888980 Expected= -524888980
time=9595000 A=-14100 B= 31375 P= -442387500 Expected= -442387500
time=9615000 A=-19457 B=-31368 P=  610327176 Expected=  610327176
time=9635000 A=-18005 B= -2265 P=   40781325 Expected=   40781325
time=9655000 A=  4091 B=-15597 P=  -63807327 Expected=  -63807327
time=9675000 A=-25844 B=-26693 P=  689853892 Expected=  689853892
time=9695000 A=-13594 B= 14921 P= -202836074 Expected= -202836074
time=9715000 A= 31594 B= -2550 P=  -80564700 Expected=  -80564700
time=9735000 A=-11752 B= -5738 P=   67432976 Expected=   67432976
time=9755000 A=  9737 B= 28974 P=  282119838 Expected=  282119838
time=9775000 A=-11075 B=-30362 P=  336259150 Expected=  336259150
time=9795000 A= 10358 B=  9589 P=   99322862 Expected=   99322862
time=9815000 A= 14991 B=-27243 P= -408399813 Expected= -408399813
time=9835000 A=-12933 B= -5508 P=   71234964 Expected=   71234964
time=9855000 A= 12399 B= 19657 P=  243727143 Expected=  243727143
time=9875000 A=  8393 B= 25012 P=  209925716 Expected=  209925716
time=9895000 A=-23078 B=-22355 P=  515908690 Expected=  515908690
time=9915000 A= -3617 B= -7411 P=   26805587 Expected=   26805587
time=9935000 A= 16752 B= 26499 P=  443911248 Expected=  443911248
time=9955000 A=-15279 B=-29436 P=  449752644 Expected=  449752644
time=9975000 A= 29312 B=  1273 P=   37314176 Expected=   37314176
time=9995000 A= -4858 B= 15050 P=  -73112900 Expected=  -73112900
time=10015000 A= 25823 B=-17463 P= -450947049 Expected= -450947049
time=10035000 A= 30084 B=-30544 P= -918885696 Expected= -918885696
time=10055000 A=  1001 B=-31472 P=  -31503472 Expected=  -31503472
time=10075000 A=  9694 B=-12116 P= -117452504 Expected= -117452504
time=10095000 A= -1271 B=  9175 P=  -11661425 Expected=  -11661425
time=10115000 A=-28831 B= 12813 P= -369411603 Expected= -369411603
time=10135000 A=-18543 B=  3795 P=  -70370685 Expected=  -70370685
time=10155000 A= -1638 B=-30929 P=   50661702 Expected=   50661702
time=10175000 A= 25422 B=-31817 P= -808851774 Expected= -808851774
time=10195000 A= 29382 B= 27485 P=  807564270 Expected=  807564270
time=10215000 A= -4964 B= 32559 P= -161622876 Expected= -161622876
time=10235000 A=-14780 B= 15003 P= -221744340 Expected= -221744340
time=10255000 A=    98 B=-17431 P=   -1708238 Expected=   -1708238
time=10275000 A=-31954 B=  4749 P= -151749546 Expected= -151749546
time=10295000 A=  1990 B=-19286 P=  -38379140 Expected=  -38379140
time=10315000 A= -3936 B=-12489 P=   49156704 Expected=   49156704
time=10335000 A= 12016 B=-22296 P= -267908736 Expected= -267908736
time=10355000 A=  7373 B=  2513 P=   18528349 Expected=   18528349
time=10375000 A= 25531 B=-27937 P= -713259547 Expected= -713259547
time=10395000 A=-10883 B=  8536 P=  -92897288 Expected=  -92897288
time=10415000 A= 20639 B= 12183 P=  251444937 Expected=  251444937
time=10435000 A=-24058 B= 11817 P= -284293386 Expected= -284293386
time=10455000 A= 25540 B= -2345 P=  -59891300 Expected=  -59891300
time=10475000 A=-11171 B=  4941 P=  -55195911 Expected=  -55195911
time=10495000 A=-14477 B= 10879 P= -157495283 Expected= -157495283
time=10515000 A= 29774 B= 26041 P=  775344734 Expected=  775344734
time=10535000 A= 25824 B=-15815 P= -408406560 Expected= -408406560
time=10555000 A= 20353 B=-31951 P= -650298703 Expected= -650298703
time=10575000 A= -4209 B= 32254 P= -135757086 Expected= -135757086
time=10595000 A= -4003 B=-30705 P=  122912115 Expected=  122912115
time=10615000 A=-13517 B=-10903 P=  147375851 Expected=  147375851
time=10635000 A=-23210 B= 21146 P= -490798660 Expected= -490798660
time=10655000 A= 10588 B=  1865 P=   19746620 Expected=   19746620
time=10675000 A= 30675 B= 31290 P=  959820750 Expected=  959820750
time=10695000 A= -2600 B=  3704 P=   -9630400 Expected=   -9630400
time=10715000 A= 13625 B= 24613 P=  335352125 Expected=  335352125
time=10735000 A=-10743 B=-22442 P=  241094406 Expected=  241094406
time=10755000 A= 26668 B=  7379 P=  196783172 Expected=  196783172
time=10775000 A= 16154 B= 20736 P=  334969344 Expected=  334969344
time=10795000 A= 24492 B=-28952 P= -709092384 Expected= -709092384
time=10815000 A= 22636 B= 16544 P=  374489984 Expected=  374489984
time=10835000 A=  9501 B= 20433 P=  194133933 Expected=  194133933
time=10855000 A=  3840 B= 30938 P=  118801920 Expected=  118801920
time=10875000 A=-30760 B=-17472 P=  537438720 Expected=  537438720
time=10895000 A=  3148 B=-20271 P=  -63813108 Expected=  -63813108
time=10915000 A=  3153 B= -4527 P=  -14273631 Expected=  -14273631
time=10935000 A=-16827 B= 26547 P= -446706369 Expected= -446706369
time=10955000 A=  1662 B=-14720 P=  -24464640 Expected=  -24464640
time=10975000 A= 21500 B=-10424 P= -224116000 Expected= -224116000
time=10995000 A=-32639 B= -9167 P=  299201713 Expected=  299201713
time=11015000 A=-19033 B=  -637 P=   12124021 Expected=   12124021
time=11035000 A= 16959 B=-28416 P= -481906944 Expected= -481906944
time=11055000 A=-29596 B=-27778 P=  822117688 Expected=  822117688
time=11075000 A= -8207 B= -1138 P=    9339566 Expected=    9339566
time=11095000 A= 19870 B=  6632 P=  131777840 Expected=  131777840
time=11115000 A=-25783 B= -1526 P=   39344858 Expected=   39344858
time=11135000 A=  7007 B=-14255 P=  -99884785 Expected=  -99884785
time=11155000 A=-31159 B= 10277 P= -320221043 Expected= -320221043
time=11175000 A= -6548 B=-25512 P=  167052576 Expected=  167052576
time=11195000 A= 27742 B= -7633 P= -211754686 Expected= -211754686
time=11215000 A= 23171 B= 21287 P=  493241077 Expected=  493241077
time=11235000 A= -9260 B= 17556 P= -162568560 Expected= -162568560
time=11255000 A= -7022 B= 26428 P= -185577416 Expected= -185577416
time=11275000 A=  6982 B= 10863 P=   75845466 Expected=   75845466
time=11295000 A=-20927 B=  5623 P= -117672521 Expected= -117672521
time=11315000 A= 14358 B= 12146 P=  174392268 Expected=  174392268
time=11335000 A=-23134 B= 23011 P= -532336474 Expected= -532336474
time=11355000 A=   658 B=-20277 P=  -13342266 Expected=  -13342266
time=11375000 A= 30056 B= -4559 P= -137025304 Expected= -137025304
time=11395000 A=   971 B=-14251 P=  -13837721 Expected=  -13837721
time=11415000 A=-30351 B= 21342 P= -647751042 Expected= -647751042
time=11435000 A=-31027 B= 22197 P= -688706319 Expected= -688706319
time=11455000 A=  3336 B=-16766 P=  -55931376 Expected=  -55931376
time=11475000 A=-26561 B= -3408 P=   90519888 Expected=   90519888
time=11495000 A= -4180 B= 12338 P=  -51572840 Expected=  -51572840
time=11515000 A=  1285 B= -1186 P=   -1524010 Expected=   -1524010
time=11535000 A=-10056 B= 26493 P= -266413608 Expected= -266413608
time=11555000 A= 22538 B=-30067 P= -677650046 Expected= -677650046
time=11575000 A= 14793 B= -9999 P= -147915207 Expected= -147915207
time=11595000 A= -8524 B= 32741 P= -279084284 Expected= -279084284
time=11615000 A= 14644 B=-15069 P= -220670436 Expected= -220670436
time=11635000 A=-23763 B= 28977 P= -688580451 Expected= -688580451
time=11655000 A=-15010 B= 10164 P= -152561640 Expected= -152561640
time=11675000 A= 29454 B=-16028 P= -472088712 Expected= -472088712
time=11695000 A=-29852 B=-18104 P=  540440608 Expected=  540440608
time=11715000 A=-10102 B=-30821 P=  311353742 Expected=  311353742
time=11735000 A= -2867 B= -1429 P=    4096943 Expected=    4096943
time=11755000 A=  9131 B=-23837 P= -217655647 Expected= -217655647
time=11775000 A= 12221 B=  9433 P=  115280693 Expected=  115280693
time=11795000 A= 22722 B=-21280 P= -483524160 Expected= -483524160
time=11815000 A=  9823 B= 13853 P=  136078019 Expected=  136078019
time=11835000 A= 19603 B=   806 P=   15800018 Expected=   15800018
time=11855000 A=-31227 B= -6135 P=  191577645 Expected=  191577645
time=11875000 A=-31636 B=-16277 P=  514939172 Expected=  514939172
time=11895000 A=-16976 B=-18185 P=  308708560 Expected=  308708560
time=11915000 A= 20901 B=-16297 P= -340623597 Expected= -340623597
time=11935000 A= -3210 B= -7345 P=   23577450 Expected=   23577450
time=11955000 A=-16972 B=-24035 P=  407922020 Expected=  407922020
time=11975000 A=  5511 B= 25414 P=  140056554 Expected=  140056554
time=11995000 A=-27802 B=-15970 P=  443997940 Expected=  443997940
time=12015000 A=-11969 B= -2732 P=   32699308 Expected=   32699308
time=12035000 A= 24404 B= 13388 P=  326720752 Expected=  326720752
time=12055000 A=-28666 B=  4944 P= -141724704 Expected= -141724704
time=12075000 A= 27949 B= -9082 P= -253832818 Expected= -253832818
time=12095000 A=-31894 B=  -584 P=   18626096 Expected=   18626096
time=12115000 A=-13585 B= 22432 P= -304738720 Expected= -304738720
time=12135000 A=-28865 B=-22007 P=  635232055 Expected=  635232055
time=12155000 A= 17064 B= -1451 P=  -24759864 Expected=  -24759864
time=12175000 A= 26142 B= -9032 P= -236114544 Expected= -236114544
time=12195000 A= 25294 B= -6442 P= -162943948 Expected= -162943948
time=12215000 A= 28709 B=  2729 P=   78346861 Expected=   78346861
time=12235000 A= 29903 B= -2763 P=  -82621989 Expected=  -82621989
time=12255000 A= -8896 B= 29622 P= -263517312 Expected= -263517312
time=12275000 A=-31499 B=-15270 P=  480989730 Expected=  480989730
time=12295000 A=-26655 B=  4389 P= -116988795 Expected= -116988795
time=12315000 A= 24615 B=-20156 P= -496139940 Expected= -496139940
time=12335000 A= 18041 B=-24929 P= -449744089 Expected= -449744089
time=12355000 A=-27736 B=-11319 P=  313943784 Expected=  313943784
time=12375000 A= 23941 B=-25211 P= -603576551 Expected= -603576551
time=12395000 A= 26739 B=  2440 P=   65243160 Expected=   65243160
time=12415000 A=  1430 B= 16948 P=   24235640 Expected=   24235640
time=12435000 A= -4803 B= -3759 P=   18054477 Expected=   18054477
time=12455000 A= 10267 B=-28644 P= -294087948 Expected= -294087948
time=12475000 A= -5187 B= -7500 P=   38902500 Expected=   38902500
time=12495000 A= 30030 B= 16175 P=  485735250 Expected=  485735250
time=12515000 A= -3751 B=  -788 P=    2955788 Expected=    2955788
time=12535000 A= 21790 B=-13667 P= -297803930 Expected= -297803930
time=12555000 A= 18624 B=  6627 P=  123421248 Expected=  123421248
time=12575000 A= -2460 B= 28747 P=  -70717620 Expected=  -70717620
time=12595000 A=  -111 B=-10364 P=    1150404 Expected=    1150404
time=12615000 A= 18249 B= 11283 P=  205903467 Expected=  205903467
time=12635000 A= -8013 B=-28388 P=  227473044 Expected=  227473044
time=12655000 A= -4824 B=-17622 P=   85008528 Expected=   85008528
time=12675000 A= 31069 B= 25070 P=  778899830 Expected=  778899830
time=12695000 A= 23500 B=-27205 P= -639317500 Expected= -639317500
time=12715000 A=  5240 B=  9674 P=   50691760 Expected=   50691760
time=12735000 A=-18595 B= -1506 P=   28004070 Expected=   28004070
time=12755000 A=-17034 B= 31179 P= -531103086 Expected= -531103086
time=12775000 A= -3621 B= -6988 P=   25303548 Expected=   25303548
time=12795000 A= 17184 B=-17660 P= -303469440 Expected= -303469440
time=12815000 A=-19847 B=  4301 P=  -85361947 Expected=  -85361947
time=12835000 A= 11410 B=    69 P=     787290 Expected=     787290
time=12855000 A= 27305 B=  -866 P=  -23646130 Expected=  -23646130
time=12875000 A=-13347 B= 11712 P= -156320064 Expected= -156320064
time=12895000 A= 16971 B= -7749 P= -131508279 Expected= -131508279
time=12915000 A= 10625 B=-10062 P= -106908750 Expected= -106908750
time=12935000 A= 10163 B=-18165 P= -184610895 Expected= -184610895
time=12955000 A=  4424 B= 24801 P=  109719624 Expected=  109719624
time=12975000 A=-14852 B= 17583 P= -261142716 Expected= -261142716
time=12995000 A=  3744 B= -8434 P=  -31576896 Expected=  -31576896
time=13015000 A=-30859 B=   -39 P=    1203501 Expected=    1203501
time=13035000 A= 28173 B= 12583 P=  354500859 Expected=  354500859
time=13055000 A=-26252 B=  8700 P= -228392400 Expected= -228392400
time=13075000 A= 16063 B= -3489 P=  -56043807 Expected=  -56043807
time=13095000 A= -6015 B=-21912 P=  131800680 Expected=  131800680
time=13115000 A= 18682 B=-32517 P= -607482594 Expected= -607482594
time=13135000 A=  8473 B= 21670 P=  183609910 Expected=  183609910
time=13155000 A=  6995 B= -2321 P=  -16235395 Expected=  -16235395
time=13175000 A=-20755 B=-25167 P=  522341085 Expected=  522341085
time=13195000 A=  -412 B= 12321 P=   -5076252 Expected=   -5076252
time=13215000 A=-16906 B=-16536 P=  279557616 Expected=  279557616
time=13235000 A=    20 B=-13713 P=    -274260 Expected=    -274260
time=13255000 A= 13866 B=-18626 P= -258268116 Expected= -258268116
time=13275000 A= -4361 B=  8006 P=  -34914166 Expected=  -34914166
time=13295000 A=-13763 B= 16544 P= -227695072 Expected= -227695072
time=13315000 A= 21498 B= 19956 P=  429014088 Expected=  429014088
time=13335000 A= -7373 B=-10496 P=   77387008 Expected=   77387008
time=13355000 A= 31708 B= 11632 P=  368827456 Expected=  368827456
time=13375000 A=-21975 B=-18161 P=  399087975 Expected=  399087975
time=13395000 A= 29078 B= 24023 P=  698540794 Expected=  698540794
time=13415000 A=  4387 B= -8698 P=  -38158126 Expected=  -38158126
time=13435000 A=    74 B= 14666 P=    1085284 Expected=    1085284
time=13455000 A=-16575 B=  1928 P=  -31956600 Expected=  -31956600
time=13475000 A=-18227 B= -8847 P=  161254269 Expected=  161254269
time=13495000 A=  8744 B=-21485 P= -187864840 Expected= -187864840
time=13515000 A= -7572 B=  9301 P=  -70427172 Expected=  -70427172
time=13535000 A= 26622 B=  3439 P=   91553058 Expected=   91553058
time=13555000 A=-29708 B=-21311 P=  633107188 Expected=  633107188
time=13575000 A= 30419 B=  8728 P=  265497032 Expected=  265497032
time=13595000 A= 32685 B=-12295 P= -401862075 Expected= -401862075
time=13615000 A=   456 B=-21979 P=  -10022424 Expected=  -10022424
time=13635000 A= 18504 B=-21533 P= -398446632 Expected= -398446632
time=13655000 A= 28624 B=  8586 P=  245765664 Expected=  245765664
time=13675000 A= 13927 B=  6256 P=   87127312 Expected=   87127312
time=13695000 A= -4256 B=-16562 P=   70487872 Expected=   70487872
time=13715000 A= 21455 B=-18830 P= -403997650 Expected= -403997650
time=13735000 A= 27122 B=-32108 P= -870833176 Expected= -870833176
time=13755000 A= 26856 B= -7784 P= -209047104 Expected= -209047104
time=13775000 A=-28770 B= 11256 P= -323835120 Expected= -323835120
time=13795000 A=  1165 B=-19765 P=  -23026225 Expected=  -23026225
time=13815000 A=-14673 B= 12088 P= -177367224 Expected= -177367224
time=13835000 A= 30176 B=  2465 P=   74383840 Expected=   74383840
time=13855000 A= 16532 B=-13151 P= -217412332 Expected= -217412332
time=13875000 A=-15071 B= 32549 P= -490545979 Expected= -490545979
time=13895000 A= -6421 B=   315 P=   -2022615 Expected=   -2022615
time=13915000 A=-16850 B= 28572 P= -481438200 Expected= -481438200
time=13935000 A= 26390 B=-31712 P= -836879680 Expected= -836879680
time=13955000 A= -4414 B= -1899 P=    8382186 Expected=    8382186
time=13975000 A= 10797 B= -9979 P= -107743263 Expected= -107743263
time=13995000 A=-24569 B= -2584 P=   63486296 Expected=   63486296
time=14015000 A= 24728 B= 14184 P=  350741952 Expected=  350741952
time=14035000 A= -7529 B=   491 P=   -3696739 Expected=   -3696739
time=14055000 A= -3529 B=-26286 P=   92763294 Expected=   92763294
time=14075000 A= 32643 B= 30854 P= 1007167122 Expected= 1007167122
time=14095000 A=-29327 B=-17356 P=  508999412 Expected=  508999412
time=14115000 A=   628 B= 30834 P=   19363752 Expected=   19363752
time=14135000 A=-25870 B=  8140 P= -210581800 Expected= -210581800
time=14155000 A=-18296 B= -8892 P=  162688032 Expected=  162688032
time=14175000 A= 19330 B= -1396 P=  -26984680 Expected=  -26984680
time=14195000 A=-20748 B= 16527 P= -342902196 Expected= -342902196
time=14215000 A=-30523 B= 19585 P= -597792955 Expected= -597792955
time=14235000 A=-21483 B=   -53 P=    1138599 Expected=    1138599
time=14255000 A=  -714 B=-11990 P=    8560860 Expected=    8560860
time=14275000 A= 17141 B= 13885 P=  238002785 Expected=  238002785
time=14295000 A=  5958 B=    59 P=     351522 Expected=     351522
time=14315000 A=-17170 B=-15981 P=  274393770 Expected=  274393770
time=14335000 A=   740 B=  7364 P=    5449360 Expected=    5449360
time=14355000 A=  9330 B= 15218 P=  141983940 Expected=  141983940
time=14375000 A=-21935 B=  7605 P= -166815675 Expected= -166815675
time=14395000 A= 18339 B=   428 P=    7849092 Expected=    7849092
time=14415000 A=-17769 B=-16335 P=  290256615 Expected=  290256615
time=14435000 A=-20290 B= 11863 P= -240700270 Expected= -240700270
time=14455000 A=-24202 B=-32332 P=  782499064 Expected=  782499064
time=14475000 A=-21504 B=-24461 P=  526009344 Expected=  526009344
time=14495000 A=-31703 B=-25742 P=  816098626 Expected=  816098626
time=14515000 A= 17950 B= -3219 P=  -57781050 Expected=  -57781050
time=14535000 A= 22989 B=  3069 P=   70553241 Expected=   70553241
time=14555000 A= 19927 B= 32539 P=  648404653 Expected=  648404653
time=14575000 A=-14898 B=-29802 P=  443990196 Expected=  443990196
time=14595000 A= 18634 B= 25991 P=  484316294 Expected=  484316294
time=14615000 A= 13357 B=-25812 P= -344770884 Expected= -344770884
time=14635000 A=-30427 B= 32034 P= -974698518 Expected= -974698518
time=14655000 A=-11021 B= 29571 P= -325901991 Expected= -325901991
time=14675000 A=  5949 B= 26032 P=  154864368 Expected=  154864368
time=14695000 A=-27719 B=  4972 P= -137818868 Expected= -137818868
time=14715000 A=-16472 B= 31130 P= -512773360 Expected= -512773360
time=14735000 A=  6530 B= 13213 P=   86280890 Expected=   86280890
time=14755000 A=  4092 B=-11041 P=  -45179772 Expected=  -45179772
time=14775000 A=-11047 B= 20492 P= -226375124 Expected= -226375124
time=14795000 A= 20928 B= 21596 P=  451961088 Expected=  451961088
time=14815000 A= -3711 B=-22449 P=   83308239 Expected=   83308239
time=14835000 A=-28504 B=-27229 P=  776135416 Expected=  776135416
time=14855000 A= 22664 B= 14329 P=  324752456 Expected=  324752456
time=14875000 A=-25411 B= -4328 P=  109978808 Expected=  109978808
time=14895000 A=-17633 B=-18581 P=  327638773 Expected=  327638773
time=14915000 A=  -387 B=-31850 P=   12325950 Expected=   12325950
time=14935000 A=-32757 B=-23791 P=  779321787 Expected=  779321787
time=14955000 A=   655 B= 10303 P=    6748465 Expected=    6748465
time=14975000 A=-10486 B= 14971 P= -156985906 Expected= -156985906
time=14995000 A=-18899 B= 32453 P= -613329247 Expected= -613329247
time=15015000 A=-21761 B= 30301 P= -659380061 Expected= -659380061
time=15035000 A= -6454 B= -7721 P=   49831334 Expected=   49831334
time=15055000 A=-22723 B=  5597 P= -127180631 Expected= -127180631
time=15075000 A=  6938 B= 27371 P=  189899998 Expected=  189899998
time=15095000 A= 14802 B=-27863 P= -412428126 Expected= -412428126
time=15115000 A=-23789 B= -2010 P=   47815890 Expected=   47815890
time=15135000 A=-30179 B= 10454 P= -315491266 Expected= -315491266
time=15155000 A=-29710 B=  9870 P= -293237700 Expected= -293237700
time=15175000 A=-30574 B=-11529 P=  352487646 Expected=  352487646
time=15195000 A=-25874 B= 20037 P= -518437338 Expected= -518437338
time=15215000 A= -7682 B= 20589 P= -158164698 Expected= -158164698
time=15235000 A= 25767 B=-28668 P= -738688356 Expected= -738688356
time=15255000 A=  -990 B=  7257 P=   -7184430 Expected=   -7184430
time=15275000 A= 12006 B=-15219 P= -182719314 Expected= -182719314
time=15295000 A=  2309 B= 28987 P=   66930983 Expected=   66930983
time=15315000 A=  2511 B=-30644 P=  -76947084 Expected=  -76947084
time=15335000 A= -3125 B= 19623 P=  -61321875 Expected=  -61321875
time=15355000 A=-17128 B= 14563 P= -249435064 Expected= -249435064
time=15375000 A= 26476 B= 26639 P=  705294164 Expected=  705294164
time=15395000 A= -9893 B= -3632 P=   35931376 Expected=   35931376
time=15415000 A=-13009 B= 17047 P= -221764423 Expected= -221764423
time=15435000 A=-22752 B=-29458 P=  670228416 Expected=  670228416
time=15455000 A= 21541 B=  6002 P=  129289082 Expected=  129289082
time=15475000 A= 12980 B=-22780 P= -295684400 Expected= -295684400
time=15495000 A= -5984 B= -7757 P=   46417888 Expected=   46417888
time=15515000 A= 19299 B=-25057 P= -483575043 Expected= -483575043
time=15535000 A= 14300 B= 23572 P=  337079600 Expected=  337079600
time=15555000 A= 30773 B=-29468 P= -906818764 Expected= -906818764
time=15575000 A=-22066 B=  1198 P=  -26435068 Expected=  -26435068
time=15595000 A=  3001 B= 20900 P=   62720900 Expected=   62720900
time=15615000 A= 27738 B=  6157 P=  170782866 Expected=  170782866
time=15635000 A=  2566 B=-31916 P=  -81896456 Expected=  -81896456
time=15655000 A= 27356 B=-28511 P= -779946916 Expected= -779946916
time=15675000 A= 17786 B=-32713 P= -581833418 Expected= -581833418
time=15695000 A= 21579 B= 11015 P=  237692685 Expected=  237692685
time=15715000 A= 18009 B= 26462 P=  476554158 Expected=  476554158
time=15735000 A=-28202 B= 25371 P= -715512942 Expected= -715512942
time=15755000 A= 23269 B=  4554 P=  105967026 Expected=  105967026
time=15775000 A= 20315 B= 30024 P=  609937560 Expected=  609937560
time=15795000 A=-29440 B=  6481 P= -190800640 Expected= -190800640
time=15815000 A= 31356 B= 23837 P=  747432972 Expected=  747432972
time=15835000 A=-21519 B= -8423 P=  181254537 Expected=  181254537
time=15855000 A=-17217 B=-10351 P=  178213167 Expected=  178213167
time=15875000 A= 15983 B= 31426 P=  502281758 Expected=  502281758
time=15895000 A=-31617 B= 24304 P= -768419568 Expected= -768419568
time=15915000 A=-27531 B=-13032 P=  358783992 Expected=  358783992
time=15935000 A=  -489 B= 12270 P=   -6000030 Expected=   -6000030
time=15955000 A=-17903 B= 27751 P= -496826153 Expected= -496826153
time=15975000 A=  5133 B= 18136 P=   93092088 Expected=   93092088
time=15995000 A= 32175 B=-18366 P= -590926050 Expected= -590926050
time=16015000 A= 29355 B= 24404 P=  716379420 Expected=  716379420
time=16035000 A= 25094 B=-12836 P= -322106584 Expected= -322106584
time=16055000 A=-31547 B= -2895 P=   91328565 Expected=   91328565
time=16075000 A=-17097 B=-31288 P=  534930936 Expected=  534930936
time=16095000 A= 30999 B= 17458 P=  541180542 Expected=  541180542
time=16115000 A=-27074 B= 31547 P= -854103478 Expected= -854103478
time=16135000 A= 15117 B= 19042 P=  287857914 Expected=  287857914
time=16155000 A=-18108 B=  3743 P=  -67778244 Expected=  -67778244
time=16175000 A= 29512 B=-15921 P= -469860552 Expected= -469860552
time=16195000 A=-19214 B= 22688 P= -435927232 Expected= -435927232
time=16215000 A=-27711 B= 10039 P= -278190729 Expected= -278190729
time=16235000 A=-12199 B= 14449 P= -176263351 Expected= -176263351
time=16255000 A=-16161 B=-18794 P=  303729834 Expected=  303729834
time=16275000 A=  7299 B= 18310 P=  133644690 Expected=  133644690
time=16295000 A= -5044 B= 27155 P= -136969820 Expected= -136969820
time=16315000 A= 25168 B= -8084 P= -203458112 Expected= -203458112
time=16335000 A=-15879 B=   315 P=   -5001885 Expected=   -5001885
time=16355000 A= 12462 B=  8712 P=  108568944 Expected=  108568944
time=16375000 A=-21742 B= -2931 P=   63725802 Expected=   63725802
time=16395000 A=-12092 B= -5651 P=   68331892 Expected=   68331892
time=16415000 A=-11189 B=-32060 P=  358719340 Expected=  358719340
time=16435000 A= 20271 B=-12803 P= -259529613 Expected= -259529613
time=16455000 A= 10828 B=-22813 P= -247019164 Expected= -247019164
time=16475000 A= 30943 B= 12053 P=  372955979 Expected=  372955979
time=16495000 A= 23212 B=  7534 P=  174879208 Expected=  174879208
time=16515000 A= -9801 B= 10233 P= -100293633 Expected= -100293633
time=16535000 A=-12490 B= 24787 P= -309589630 Expected= -309589630
time=16555000 A=-17280 B=-27341 P=  472452480 Expected=  472452480
time=16575000 A=-19727 B=-21387 P=  421901349 Expected=  421901349
time=16595000 A= 12105 B=  4138 P=   50090490 Expected=   50090490
time=16615000 A= -2654 B=  -176 P=     467104 Expected=     467104
time=16635000 A= -1333 B= -1771 P=    2360743 Expected=    2360743
time=16655000 A= 15927 B=  5305 P=   84492735 Expected=   84492735
time=16675000 A=-20749 B= 26906 P= -558272594 Expected= -558272594
time=16695000 A=   -20 B= 26396 P=    -527920 Expected=    -527920
time=16715000 A=-27630 B= 15673 P= -433044990 Expected= -433044990
time=16735000 A= 24448 B= 12874 P=  314743552 Expected=  314743552
time=16755000 A=-17941 B=  3662 P=  -65699942 Expected=  -65699942
time=16775000 A= 19280 B= 29755 P=  573676400 Expected=  573676400
time=16795000 A= -5859 B= 16344 P=  -95759496 Expected=  -95759496
time=16815000 A= 28859 B= -6456 P= -186313704 Expected= -186313704
time=16835000 A=-20725 B= -6976 P=  144577600 Expected=  144577600
time=16855000 A= 14999 B=  2126 P=   31887874 Expected=   31887874
time=16875000 A= 23004 B= -7978 P= -183525912 Expected= -183525912
time=16895000 A=-11230 B=  4786 P=  -53746780 Expected=  -53746780
time=16915000 A= -4184 B=-13501 P=   56488184 Expected=   56488184
time=16935000 A= 11566 B=  1479 P=   17106114 Expected=   17106114
time=16955000 A= 17258 B=   406 P=    7006748 Expected=    7006748
time=16975000 A= -5119 B=-26748 P=  136923012 Expected=  136923012
time=16995000 A= -9264 B=-24895 P=  230627280 Expected=  230627280
time=17015000 A=-32103 B= 17922 P= -575349966 Expected= -575349966
time=17035000 A=  1918 B= 32417 P=   62175806 Expected=   62175806
time=17055000 A=  6360 B= 20678 P=  131512080 Expected=  131512080
time=17075000 A=-11292 B= 16473 P= -186013116 Expected= -186013116
time=17095000 A=-26044 B=-20420 P=  531818480 Expected=  531818480
time=17115000 A=  2356 B= 16186 P=   38134216 Expected=   38134216
time=17135000 A=-18468 B=  9199 P= -169887132 Expected= -169887132
time=17155000 A= 13717 B=-27808 P= -381442336 Expected= -381442336
time=17175000 A=-10313 B=  8551 P=  -88186463 Expected=  -88186463
time=17195000 A=-23754 B=  6862 P= -162999948 Expected= -162999948
time=17215000 A= 10718 B= -5332 P=  -57148376 Expected=  -57148376
time=17235000 A= 24636 B= 30010 P=  739326360 Expected=  739326360
time=17255000 A=-27350 B= 30949 P= -846455150 Expected= -846455150
time=17275000 A= 14667 B= -1986 P=  -29128662 Expected=  -29128662
time=17295000 A=-13174 B=-29943 P=  394469082 Expected=  394469082
time=17315000 A=-18281 B=-15069 P=  275476389 Expected=  275476389
time=17335000 A= 13943 B=-26596 P= -370828028 Expected= -370828028
time=17355000 A= 11070 B=-19694 P= -218012580 Expected= -218012580
time=17375000 A=   522 B= -7947 P=   -4148334 Expected=   -4148334
time=17395000 A=-25630 B= 25541 P= -654615830 Expected= -654615830
time=17415000 A=  7276 B= 24305 P=  176843180 Expected=  176843180
time=17435000 A=-10451 B= 11913 P= -124502763 Expected= -124502763
time=17455000 A= 11535 B=-13141 P= -151581435 Expected= -151581435
time=17475000 A= 26708 B= 12475 P=  333182300 Expected=  333182300
time=17495000 A=-23936 B=-21737 P=  520296832 Expected=  520296832
time=17515000 A=-24785 B= 18051 P= -447394035 Expected= -447394035
time=17535000 A=-21716 B= 12412 P= -269538992 Expected= -269538992
time=17555000 A=-32005 B=  4081 P= -130612405 Expected= -130612405
time=17575000 A= 12006 B= 24145 P=  289884870 Expected=  289884870
time=17595000 A= -8091 B= -8108 P=   65601828 Expected=   65601828
time=17615000 A= -9316 B= -5011 P=   46682476 Expected=   46682476
time=17635000 A= 18163 B= -9504 P= -172621152 Expected= -172621152
time=17655000 A=  6908 B= 22911 P=  158269188 Expected=  158269188
time=17675000 A=  -160 B=-10381 P=    1660960 Expected=    1660960
time=17695000 A=  7274 B= -8631 P=  -62781894 Expected=  -62781894
time=17715000 A=  5125 B= 30126 P=  154395750 Expected=  154395750
time=17735000 A=-13275 B= 31387 P= -416662425 Expected= -416662425
time=17755000 A= 22509 B=  3591 P=   80829819 Expected=   80829819
time=17775000 A=-11285 B= -6017 P=   67901845 Expected=   67901845
time=17795000 A= 20127 B=-16850 P= -339139950 Expected= -339139950
time=17815000 A=-24331 B=-23665 P=  575793115 Expected=  575793115
time=17835000 A= 19011 B= 25431 P=  483468741 Expected=  483468741
time=17855000 A= 23719 B= -5648 P= -133964912 Expected= -133964912
time=17875000 A= 21297 B=-26943 P= -573805071 Expected= -573805071
time=17895000 A= -2359 B=-19479 P=   45950961 Expected=   45950961
time=17915000 A= 14730 B=-18406 P= -271120380 Expected= -271120380
time=17935000 A=  6557 B=-16753 P= -109849421 Expected= -109849421
time=17955000 A=-32024 B= -8435 P=  270122440 Expected=  270122440
time=17975000 A= 12727 B=-29834 P= -379697318 Expected= -379697318
time=17995000 A=-32311 B= -5470 P=  176741170 Expected=  176741170
time=18015000 A= 26847 B= 20206 P=  542470482 Expected=  542470482
time=18035000 A= 16327 B= 30376 P=  495948952 Expected=  495948952
time=18055000 A=-21278 B=  1974 P=  -42002772 Expected=  -42002772
time=18075000 A=-30928 B= -8462 P=  261712736 Expected=  261712736
time=18095000 A=-21858 B= 29348 P= -641488584 Expected= -641488584
time=18115000 A= -7132 B= 15755 P= -112364660 Expected= -112364660
time=18135000 A=-13009 B=  3126 P=  -40666134 Expected=  -40666134
time=18155000 A=-23359 B= 28326 P= -661667034 Expected= -661667034
time=18175000 A= 16006 B=  3983 P=   63751898 Expected=   63751898
time=18195000 A=-10877 B=  4217 P=  -45868309 Expected=  -45868309
time=18215000 A= -4525 B= 31172 P= -141053300 Expected= -141053300
time=18235000 A= 15968 B= 32454 P=  518225472 Expected=  518225472
time=18255000 A=-30843 B=   515 P=  -15884145 Expected=  -15884145
time=18275000 A= 28879 B=-10948 P= -316167292 Expected= -316167292
time=18295000 A= 29772 B= 10886 P=  324097992 Expected=  324097992
time=18315000 A=-19401 B= -4236 P=   82182636 Expected=   82182636
time=18335000 A= -7189 B= 11720 P=  -84255080 Expected=  -84255080
time=18355000 A=  6135 B= 26817 P=  164522295 Expected=  164522295
time=18375000 A=-17104 B=  1269 P=  -21704976 Expected=  -21704976
time=18395000 A= 25993 B=-25220 P= -655543460 Expected= -655543460
time=18415000 A=-19983 B= 28171 P= -562941093 Expected= -562941093
time=18435000 A= 10474 B=-21732 P= -227620968 Expected= -227620968
time=18455000 A= 10592 B= -6738 P=  -71368896 Expected=  -71368896
time=18475000 A=-20267 B= 27584 P= -559044928 Expected= -559044928
time=18495000 A= 20630 B=-23014 P= -474778820 Expected= -474778820
time=18515000 A=  2028 B= 31588 P=   64060464 Expected=   64060464
time=18535000 A=  5662 B=-21456 P= -121483872 Expected= -121483872
time=18555000 A= -2201 B= 13961 P=  -30728161 Expected=  -30728161
time=18575000 A=  9449 B=-19178 P= -181212922 Expected= -181212922
time=18595000 A=  3931 B=-17551 P=  -68992981 Expected=  -68992981
time=18615000 A= -6020 B= 14956 P=  -90035120 Expected=  -90035120
time=18635000 A=-26559 B= -7496 P=  199086264 Expected=  199086264
time=18655000 A=-29272 B= 31346 P= -917560112 Expected= -917560112
time=18675000 A=-24384 B= 19326 P= -471245184 Expected= -471245184
time=18695000 A=  -845 B= 28992 P=  -24498240 Expected=  -24498240
time=18715000 A= -2972 B= 19666 P=  -58447352 Expected=  -58447352
time=18735000 A= -6335 B= -9891 P=   62659485 Expected=   62659485
time=18755000 A=  8015 B=  2469 P=   19789035 Expected=   19789035
time=18775000 A=-18989 B= 12239 P= -232406371 Expected= -232406371
time=18795000 A= 27775 B= 22511 P=  625243025 Expected=  625243025
time=18815000 A=-27589 B=-21240 P=  585990360 Expected=  585990360
time=18835000 A= -5693 B=-10942 P=   62292806 Expected=   62292806
time=18855000 A= 28632 B= 20915 P=  598838280 Expected=  598838280
time=18875000 A= 24567 B= -8565 P= -210416355 Expected= -210416355
time=18895000 A= -2572 B= -9776 P=   25143872 Expected=   25143872
time=18915000 A= 23447 B=-28628 P= -671240716 Expected= -671240716
time=18935000 A=-29668 B=-17381 P=  515659508 Expected=  515659508
time=18955000 A= 11090 B=-14540 P= -161248600 Expected= -161248600
time=18975000 A= 26566 B= 15168 P=  402953088 Expected=  402953088
time=18995000 A= -9312 B=  7643 P=  -71171616 Expected=  -71171616
time=19015000 A= 27687 B= 20411 P=  565119357 Expected=  565119357
time=19035000 A= 13316 B= -4840 P=  -64449440 Expected=  -64449440
time=19055000 A= 19591 B=-19716 P= -386256156 Expected= -386256156
time=19075000 A=-15349 B= 22113 P= -339412437 Expected= -339412437
time=19095000 A= 28907 B= -6232 P= -180148424 Expected= -180148424
time=19115000 A=-10343 B= 12918 P= -133610874 Expected= -133610874
time=19135000 A=  1652 B=  9352 P=   15449504 Expected=   15449504
time=19155000 A= 31156 B=  8012 P=  249621872 Expected=  249621872
time=19175000 A= -1973 B= 26381 P=  -52049713 Expected=  -52049713
time=19195000 A= 29759 B= 30443 P=  905953237 Expected=  905953237
time=19215000 A= -3223 B= 27628 P=  -89045044 Expected=  -89045044
time=19235000 A= 22758 B= 22117 P=  503338686 Expected=  503338686
time=19255000 A= 24857 B=-21055 P= -523364135 Expected= -523364135
time=19275000 A= 28338 B=-25692 P= -728059896 Expected= -728059896
time=19295000 A= 29070 B= 26940 P=  783145800 Expected=  783145800
time=19315000 A=-14990 B= -8626 P=  129303740 Expected=  129303740
time=19335000 A=  3937 B=-25663 P= -101035231 Expected= -101035231
time=19355000 A=  9094 B= 32105 P=  291962870 Expected=  291962870
time=19375000 A= -7598 B=  -254 P=    1929892 Expected=    1929892
time=19395000 A=  6187 B=-27390 P= -169461930 Expected= -169461930
time=19415000 A= 23840 B=  3972 P=   94692480 Expected=   94692480
time=19435000 A= -3114 B=  -370 P=    1152180 Expected=    1152180
time=19455000 A=-22060 B=  2946 P=  -64988760 Expected=  -64988760
time=19475000 A=-17469 B= 22579 P= -394432551 Expected= -394432551
time=19495000 A=-20137 B= -5325 P=  107229525 Expected=  107229525
time=19515000 A= 15688 B=  -317 P=   -4973096 Expected=   -4973096
time=19535000 A=  8356 B= 28384 P=  237176704 Expected=  237176704
time=19555000 A=  1794 B=  3466 P=    6218004 Expected=    6218004
time=19575000 A= 26491 B=  3778 P=  100082998 Expected=  100082998
time=19595000 A= 25469 B= 24256 P=  617776064 Expected=  617776064
time=19615000 A=-21534 B=  2091 P=  -45027594 Expected=  -45027594
time=19635000 A= 23653 B=-28476 P= -673542828 Expected= -673542828
time=19655000 A= -8372 B= 22755 P= -190504860 Expected= -190504860
time=19675000 A=-15651 B=  -550 P=    8608050 Expected=    8608050
time=19695000 A=-21559 B=-18112 P=  390476608 Expected=  390476608
time=19715000 A=  7959 B=-15436 P= -122855124 Expected= -122855124
time=19735000 A= 31494 B=-22303 P= -702410682 Expected= -702410682
time=19755000 A=-16706 B=-17559 P=  293340654 Expected=  293340654
time=19775000 A= 31370 B= 24980 P=  783622600 Expected=  783622600
time=19795000 A=-21171 B=-32224 P=  682214304 Expected=  682214304
time=19815000 A=-26125 B= -7852 P=  205133500 Expected=  205133500
time=19835000 A=-19216 B= 30240 P= -581091840 Expected= -581091840
time=19855000 A= 32662 B= -7718 P= -252085316 Expected= -252085316
time=19875000 A= 26110 B=-19583 P= -511312130 Expected= -511312130
time=19895000 A=-25761 B= -8262 P=  212837382 Expected=  212837382
time=19915000 A=  1706 B=  4918 P=    8390108 Expected=    8390108
time=19935000 A=  5947 B=  5767 P=   34296349 Expected=   34296349
time=19955000 A=-23037 B= 12961 P= -298582557 Expected= -298582557
time=19975000 A= -8211 B=-31507 P=  258703977 Expected=  258703977
time=19995000 A=  4821 B= 28022 P=  135094062 Expected=  135094062
ARRAY MULTIPLIER TEST PASSED
Simulation complete via $finish(1) at time 20015 NS + 0
./tb/tb_array_multiplier.sv:62 $finish;
xcelium> exit
TOOL:	xrun(64)	20.09-s012: Exiting on Mar 11, 2026 at 00:28:45 IST  (total: 00:00:01)
