============================================================
  Generated by:           Genus(TM) Synthesis Solution 20.11-s111_1
  Generated on:           Mar 10 2026  09:58:18 pm
  Module:                 array_multiplier_16
  Operating conditions:   slow (balanced_tree)
  Wireload mode:          enclosed
  Area mode:              timing library
============================================================


Path 1: MET (4 ps) Setup Check with Pin P_reg[30]/CK->D
          Group: clk
     Startpoint: (R) B[1]
          Clock: (R) clk
       Endpoint: (R) P_reg[30]/D
          Clock: (R) clk

                     Capture       Launch     
        Clock Edge:+    5000            0     
        Drv Adjust:+       0            0     
       Src Latency:+       0            0     
       Net Latency:+       0 (I)        0 (I) 
           Arrival:=    5000            0     
                                              
             Setup:-     111                  
     Required Time:=    4889                  
      Launch Clock:-       0                  
       Input Delay:-    1000                  
         Data Path:-    3885                  
             Slack:=       4                  

Exceptions/Constraints:
  input_delay             1000            constraints.sdc_line_2_30_1 

#---------------------------------------------------------------------------------------------
#    Timing Point     Flags    Arc   Edge   Cell     Fanout Load Trans Delay Arrival Instance 
#                                                           (fF)  (ps)  (ps)   (ps)  Location 
#---------------------------------------------------------------------------------------------
  B[1]                -       -      R     (arrival)     19 47.5     0     0    1000    (-,-) 
  mul_17_16_g12549/Y  -       A->Y   F     INVX16         3 13.7    24    15    1015    (-,-) 
  mul_17_16_g12489/Y  -       B->Y   R     NAND2X6        1  6.0    32    25    1040    (-,-) 
  mul_17_16_g12486/Y  -       A->Y   F     NAND2X8       10 27.0   141    94    1133    (-,-) 
  mul_17_16_g12410/Y  -       A->Y   R     INVX2          9 25.5   203   149    1282    (-,-) 
  mul_17_16_g12216/Y  -       B->Y   F     NAND2X8        7 19.5   133   127    1409    (-,-) 
  mul_17_16_g12182/Y  -       A1->Y  R     OAI22X4        4  7.1   136   105    1514    (-,-) 
  mul_17_16_g12124/Y  -       A->Y   F     INVX2          1  3.1    46    71    1585    (-,-) 
  mul_17_16_g11942/Y  -       B1->Y  R     OAI22X4        1  1.2    86    40    1625    (-,-) 
  g12712/Y            -       S0->Y  R     MXI2X6         3  6.4    38   242    1866    (-,-) 
  mul_17_16_g11743/Y  -       B->Y   F     NAND2X2        1  2.9    79    57    1924    (-,-) 
  mul_17_16_g11658/Y  -       B0->Y  R     OAI21X4        1  2.2    58    42    1966    (-,-) 
  mul_17_16_g11569/CO -       CI->CO R     ADDFHX1        1  1.5    62   168    2133    (-,-) 
  mul_17_16_g11566/Y  -       A->Y   F     INVX2          2  4.3    47    48    2182    (-,-) 
  mul_17_16_g11539/Y  -       A1->Y  R     OAI21X4        1  2.8    63    51    2233    (-,-) 
  mul_17_16_g11516/Y  -       A->Y   F     INVX4          2  4.3    31    39    2272    (-,-) 
  mul_17_16_g11505/Y  -       A1->Y  R     OAI21X4        1  2.8    63    46    2319    (-,-) 
  mul_17_16_g11482/Y  -       A->Y   F     INVX4          2  4.3    31    39    2358    (-,-) 
  mul_17_16_g11468/Y  -       A1->Y  R     OAI21X4        1  2.8    63    46    2404    (-,-) 
  mul_17_16_g11465/Y  -       A->Y   F     INVX4          2  4.3    31    39    2444    (-,-) 
  mul_17_16_g11463/Y  -       A1->Y  R     OAI21X4        1  2.8    63    46    2490    (-,-) 
  mul_17_16_g11460/Y  -       A->Y   F     INVX4          2  2.2    23    35    2525    (-,-) 
  mul_17_16_g12570/Y  -       A1->Y  F     OA21X4         2  2.2    48   133    2658    (-,-) 
  mul_17_16_g12569/Y  -       A1->Y  F     OA21X4         2  2.2    48   141    2798    (-,-) 
  mul_17_16_g12568/Y  -       A1->Y  F     OA21X4         2  2.2    48   141    2939    (-,-) 
  mul_17_16_g12567/Y  -       A1->Y  F     OA21X4         2  2.2    48   140    3080    (-,-) 
  mul_17_16_g2/Y      -       A1->Y  F     OA21X4         2  4.3    56   145    3225    (-,-) 
  mul_17_16_g11443/Y  -       A1->Y  R     OAI21X4        2  4.5    76    61    3285    (-,-) 
  mul_17_16_g11441/Y  -       B0->Y  F     OAI2BB1X4      2  4.4    74    72    3358    (-,-) 
  mul_17_16_g12577/Y  -       D->Y   R     NOR4BX4        1  2.9   146    80    3438    (-,-) 
  mul_17_16_g11433/Y  -       C0->Y  F     AOI221X4       2  4.5   127    76    3514    (-,-) 
  mul_17_16_g11430/Y  -       B0->Y  R     AOI2BB1X4      3  9.0   100    99    3613    (-,-) 
  mul_17_16_g11428/Y  -       D->Y   F     NAND4BBX4      1  2.9   165   114    3727    (-,-) 
  mul_17_16_g11423/Y  -       C0->Y  R     OAI221X4       3  5.2   129    80    3807    (-,-) 
  mul_17_16_g11420/Y  -       C->Y   F     NAND3X4        1  2.9   105    96    3903    (-,-) 
  mul_17_16_g11417/Y  -       C0->Y  R     OAI221X4       1  2.2   111    54    3957    (-,-) 
  mul_17_16_g11412/CO -       CI->CO R     ADDFHX2        1  2.2    61   197    4155    (-,-) 
  mul_17_16_g11411/CO -       CI->CO R     ADDFHX2        1  2.2    61   181    4335    (-,-) 
  mul_17_16_g11410/CO -       CI->CO R     ADDFHX2        1  2.2    61   180    4516    (-,-) 
  mul_17_16_g11409/CO -       CI->CO R     ADDFHX2        1  2.1    60   180    4696    (-,-) 
  mul_17_16_g11408/S  -       CI->S  R     ADDFHXL        1  0.8    51   189    4885    (-,-) 
  P_reg[30]/D         <<<     -      R     DFFRHQX1       1    -     -     0    4885    (-,-) 
#---------------------------------------------------------------------------------------------

