============================================================
  Generated by:           Genus(TM) Synthesis Solution 20.11-s111_1
  Generated on:           Mar 10 2026  10:41:46 pm
  Module:                 wallace_multiplier_16
  Operating conditions:   slow (balanced_tree)
  Wireload mode:          enclosed
  Area mode:              timing library
============================================================


Path 1: MET (14 ps) Setup Check with Pin P_reg[30]/CK->D
          Group: clk
     Startpoint: (F) B[1]
          Clock: (R) clk
       Endpoint: (R) P_reg[30]/D
          Clock: (R) clk

                     Capture       Launch     
        Clock Edge:+    5000            0     
        Drv Adjust:+       0            0     
       Src Latency:+       0            0     
       Net Latency:+       0 (I)        0 (I) 
           Arrival:=    5000            0     
                                              
             Setup:-     111                  
     Required Time:=    4889                  
      Launch Clock:-       0                  
       Input Delay:-    1000                  
         Data Path:-    3875                  
             Slack:=      14                  

Exceptions/Constraints:
  input_delay             1000            constraints.sdc_line_2_30_1 

#-----------------------------------------------------------------------------------------------------------------
#              Timing Point               Flags    Arc   Edge   Cell     Fanout Load Trans Delay Arrival Instance 
#                                                                               (fF)  (ps)  (ps)   (ps)  Location 
#-----------------------------------------------------------------------------------------------------------------
  B[1]                                    -       -      F     (arrival)     16 18.1     0     0    1000    (-,-) 
  g2644/Y                                 -       AN->Y  F     NOR2BX4        3  8.4    70   114    1114    (-,-) 
  csa_tree_SUB_TC_OP_299_groupi_g13224/Y  -       A->Y   R     INVX3          2  4.5    36    43    1157    (-,-) 
  csa_tree_SUB_TC_OP_299_groupi_g13117/Y  -       B->Y   F     NAND2X2        1  3.0    80    58    1215    (-,-) 
  csa_tree_SUB_TC_OP_299_groupi_g12841/Y  -       A1->Y  R     AOI22X4        2  3.9    79    85    1300    (-,-) 
  g13638/Y                                -       A->Y   F     XNOR3X1        3  4.8   143   392    1691    (-,-) 
  csa_tree_SUB_TC_OP_299_groupi_g12470/Y  -       A0N->Y F     AOI2BB2X4      1  1.4    89   165    1856    (-,-) 
  csa_tree_SUB_TC_OP_299_groupi_g13433/Y  -       B->Y   R     XOR2X4         3  6.4    79   202    2058    (-,-) 
  csa_tree_SUB_TC_OP_299_groupi_g12349/Y  -       B->Y   F     NOR2X4         1  0.8    53    41    2099    (-,-) 
  csa_tree_SUB_TC_OP_299_groupi_g13367/Y  -       A0->Y  F     OA21X4         2  2.2    48   150    2248    (-,-) 
  csa_tree_SUB_TC_OP_299_groupi_g13366/Y  -       A1->Y  F     OA21X4         2  2.2    48   140    2389    (-,-) 
  csa_tree_SUB_TC_OP_299_groupi_g13365/Y  -       A1->Y  F     OA21X4         2  2.2    48   140    2529    (-,-) 
  csa_tree_SUB_TC_OP_299_groupi_g13364/Y  -       A1->Y  F     OA21X4         2  2.2    48   140    2670    (-,-) 
  csa_tree_SUB_TC_OP_299_groupi_g2/Y      -       A1->Y  F     OA21X4         2  4.3    56   145    2815    (-,-) 
  csa_tree_SUB_TC_OP_299_groupi_g12092/Y  -       A1->Y  R     OAI21X4        1  2.2    59    52    2867    (-,-) 
  csa_tree_SUB_TC_OP_299_groupi_g12091/CO -       CI->CO R     ADDFHX1        1  2.2    72   173    3040    (-,-) 
  csa_tree_SUB_TC_OP_299_groupi_g12090/CO -       CI->CO R     ADDFHX1        1  2.5    76   180    3220    (-,-) 
  csa_tree_SUB_TC_OP_299_groupi_g12089/CO -       CI->CO R     ADDFHX4        3 10.8    91   206    3427    (-,-) 
  csa_tree_SUB_TC_OP_299_groupi_g12086/Y  -       C->Y   F     NAND3X8        1  3.0    85    75    3501    (-,-) 
  csa_tree_SUB_TC_OP_299_groupi_g12078/Y  -       B1->Y  R     AOI2BB2X4      3  7.5   109    79    3580    (-,-) 
  csa_tree_SUB_TC_OP_299_groupi_g13382/Y  -       D->Y   F     NAND4BBX4      1  2.9   165   116    3696    (-,-) 
  csa_tree_SUB_TC_OP_299_groupi_g12071/Y  -       C0->Y  R     OAI221X4       3  3.6   112    77    3774    (-,-) 
  csa_tree_SUB_TC_OP_299_groupi_g12069/Y  -       C->Y   F     NAND3X2        1  2.9   135   109    3883    (-,-) 
  csa_tree_SUB_TC_OP_299_groupi_g12066/Y  -       C0->Y  R     OAI221X4       1  2.2   111    65    3947    (-,-) 
  csa_tree_SUB_TC_OP_299_groupi_g12061/CO -       CI->CO R     ADDFHX2        1  2.2    61   197    4145    (-,-) 
  csa_tree_SUB_TC_OP_299_groupi_g12060/CO -       CI->CO R     ADDFHX2        1  2.2    61   181    4325    (-,-) 
  csa_tree_SUB_TC_OP_299_groupi_g12059/CO -       CI->CO R     ADDFHX2        1  2.2    61   180    4506    (-,-) 
  csa_tree_SUB_TC_OP_299_groupi_g12058/CO -       CI->CO R     ADDFHX2        1  2.1    60   180    4686    (-,-) 
  csa_tree_SUB_TC_OP_299_groupi_g12057/S  -       CI->S  R     ADDFHXL        1  0.8    51   189    4875    (-,-) 
  P_reg[30]/D                             <<<     -      R     DFFRHQX1       1    -     -     0    4875    (-,-) 
#-----------------------------------------------------------------------------------------------------------------

