============================================================
  Generated by:           Genus(TM) Synthesis Solution 20.11-s111_1
  Generated on:           Mar 10 2026  09:43:36 pm
  Module:                 booth_dadda_multiplier_16
  Operating conditions:   slow (balanced_tree)
  Wireload mode:          enclosed
  Area mode:              timing library
============================================================


Path 1: MET (3746 ps) Late External Delay Assertion at pin P[0]
          Group: clk
     Startpoint: (R) P_reg[0]/CK
          Clock: (R) clk
       Endpoint: (R) P[0]
          Clock: (R) clk

                     Capture       Launch     
        Clock Edge:+    5000            0     
       Src Latency:+       0            0     
       Net Latency:+       0 (I)        0 (I) 
           Arrival:=    5000            0     
                                              
      Output Delay:-    1000                  
     Required Time:=    4000                  
      Launch Clock:-       0                  
         Data Path:-     254                  
             Slack:=    3746                  

Exceptions/Constraints:
  output_delay             1000            constraints.sdc_line_3_62_1 

#---------------------------------------------------------------------------------------
# Timing Point   Flags   Arc   Edge   Cell     Fanout Load Trans Delay Arrival Instance 
#                                                     (fF)  (ps)  (ps)   (ps)  Location 
#---------------------------------------------------------------------------------------
  P_reg[0]/CK    -       -     R     (arrival)     32    -     0     0       0    (-,-) 
  P_reg[0]/Q     -       CK->Q R     DFFRHQX1       1  0.0    28   254     254    (-,-) 
  P[0]           <<<     -     R     (port)         -    -     -     0     254    (-,-) 
#---------------------------------------------------------------------------------------

