============================================================
  Generated by:           Genus(TM) Synthesis Solution 20.11-s111_1
  Generated on:           Mar 10 2026  05:27:25 am
  Module:                 multiplier_top
  Operating conditions:   slow (balanced_tree)
  Wireload mode:          enclosed
  Area mode:              timing library
============================================================


Path 1: MET (3414 ps) Setup Check with Pin product_reg[4]/CK->SE
          Group: clk
     Startpoint: (R) valid_in
          Clock: (R) clk
       Endpoint: (R) product_reg[4]/SE
          Clock: (R) clk

                     Capture       Launch     
        Clock Edge:+    5000            0     
        Drv Adjust:+       0            0     
       Src Latency:+       0            0     
       Net Latency:+       0 (I)        0 (I) 
           Arrival:=    5000            0     
                                              
             Setup:-     294                  
     Required Time:=    4706                  
      Launch Clock:-       0                  
       Input Delay:-    1000                  
         Data Path:-     291                  
             Slack:=    3414                  

Exceptions/Constraints:
  input_delay             1000            constraints.sdc_line_3_32_1 

#------------------------------------------------------------------------------------------
#   Timing Point    Flags   Arc   Edge   Cell     Fanout Load Trans Delay Arrival Instance 
#                                                        (fF)  (ps)  (ps)   (ps)  Location 
#------------------------------------------------------------------------------------------
  valid_in          -       -     R     (arrival)      2  1.3     0     0    1000    (-,-) 
  g2/Y              -       AN->Y R     NOR2BX4       32 48.0   381   291    1291    (-,-) 
  product_reg[4]/SE <<<     -     R     SDFFRHQX2     32    -     -     0    1291    (-,-) 
#------------------------------------------------------------------------------------------

